// Jest Snapshot v1, https://goo.gl/fbAQLP

exports[`App matches snapshot 1`] = `
<div id="app">
  <!---->
</div>
`;

exports[`App matches snapshot with images 1`] = `
<div id="app">
  <!---->
</div>
`;

exports[`App matches snapshot without images 1`] = `
<div id="app">
  <!---->
</div>
`;
